{"data":{"organization":{"projectsV2":{"__typename":"ProjectV2Connection","nodes":[{"__typename":"ProjectV2","id":"PVT_kwDOBnzvns4Ar6RC","shortDescription":null,"readme":null,"owner":{"id":"O_kgDOBnzvng","__typename":"Organization"},"title":"@DuyAnhTran95's untitled project"},{"__typename":"ProjectV2","id":"PVT_kwDOBnzvns4Ar5nz","shortDescription":null,"readme":null,"owner":{"id":"O_kgDOBnzvng","__typename":"Organization"},"title":"@ngocbd's untitled project"}],"pageInfo":{"endCursor":"Mg","startCursor":"MQ"},"totalCount":2}}}}